// Jest Snapshot v1, https://goo.gl/fbAQLP

exports[`render correctly weekWeather component it should render home component with given state from redux store 1`] = `
Object {
  "asFragment": [Function],
  "baseElement": <body>
    <div>
      <div>
        <div>
          <div
            class="MuiGrid-root MuiGrid-container MuiGrid-spacing-xs-0.5 options css-125mmfg-MuiGrid-root"
            style="display: none; justify-content: space-around; align-items: center; padding-top: 5%;"
          >
            <div
              class="MuiGrid-root MuiGrid-item MuiGrid-grid-xs-2 css-1o7apob-MuiGrid-root"
            >
              <svg
                aria-hidden="true"
                class="MuiSvgIcon-root MuiSvgIcon-fontSizeMedium css-i4bv87-MuiSvgIcon-root"
                data-testid="ArrowBackIosIcon"
                focusable="false"
                style="color: rgb(255, 255, 255);"
                viewBox="0 0 24 24"
              >
                <path
                  d="M11.67 3.87 9.9 2.1 0 12l9.9 9.9 1.77-1.77L3.54 12z"
                />
              </svg>
            </div>
            <div
              class="MuiGrid-root MuiGrid-item MuiGrid-grid-xs-8 css-vok43g-MuiGrid-root"
            >
              <div
                aria-expanded="false"
                class="MuiAutocomplete-root MuiAutocomplete-hasPopupIcon css-xsu6ln-MuiAutocomplete-root"
                role="combobox"
              >
                <div
                  class="MuiFormControl-root MuiFormControl-fullWidth MuiTextField-root css-wb57ya-MuiFormControl-root-MuiTextField-root"
                >
                  <label
                    class="MuiInputLabel-root MuiInputLabel-formControl MuiInputLabel-animated MuiInputLabel-outlined MuiFormLabel-root MuiFormLabel-colorPrimary css-6yceho-MuiFormLabel-root-MuiInputLabel-root"
                    data-shrink="false"
                    for="country-select-demo"
                    id="country-select-demo-label"
                  >
                    Choose a country
                  </label>
                  <div
                    class="MuiOutlinedInput-root MuiInputBase-root MuiInputBase-colorPrimary MuiInputBase-fullWidth MuiInputBase-formControl MuiInputBase-adornedEnd MuiAutocomplete-inputRoot css-87bu8l-MuiInputBase-root-MuiOutlinedInput-root"
                  >
                    <input
                      aria-autocomplete="list"
                      aria-invalid="false"
                      autocapitalize="none"
                      autocomplete="new-password"
                      class="MuiOutlinedInput-input MuiInputBase-input MuiInputBase-inputAdornedEnd MuiAutocomplete-input MuiAutocomplete-inputFocused css-nxo287-MuiInputBase-input-MuiOutlinedInput-input"
                      id="country-select-demo"
                      spellcheck="false"
                      type="text"
                      value=""
                    />
                    <div
                      class="MuiAutocomplete-endAdornment css-1q60rmi-MuiAutocomplete-endAdornment"
                    >
                      <button
                        aria-label="Open"
                        class="MuiButtonBase-root MuiIconButton-root MuiIconButton-sizeMedium MuiAutocomplete-popupIndicator css-rmvm5c-MuiButtonBase-root-MuiIconButton-root-MuiAutocomplete-popupIndicator"
                        tabindex="-1"
                        title="Open"
                        type="button"
                      >
                        <svg
                          aria-hidden="true"
                          class="MuiSvgIcon-root MuiSvgIcon-fontSizeMedium css-i4bv87-MuiSvgIcon-root"
                          data-testid="ArrowDropDownIcon"
                          focusable="false"
                          viewBox="0 0 24 24"
                        >
                          <path
                            d="M7 10l5 5 5-5z"
                          />
                        </svg>
                        <span
                          class="MuiTouchRipple-root css-8je8zh-MuiTouchRipple-root"
                        />
                      </button>
                    </div>
                    <fieldset
                      aria-hidden="true"
                      class="MuiOutlinedInput-notchedOutline css-1d3z3hw-MuiOutlinedInput-notchedOutline"
                    >
                      <legend
                        class="css-173wfxe"
                      >
                        <span>
                          Choose a country
                        </span>
                      </legend>
                    </fieldset>
                  </div>
                </div>
              </div>
            </div>
          </div>
          <div
            class="header"
            style="display: flex; justify-content: space-around; align-items: center; padding-top: 5%;"
          >
            <svg
              aria-hidden="true"
              class="MuiSvgIcon-root MuiSvgIcon-fontSizeMedium css-i4bv87-MuiSvgIcon-root"
              data-testid="MenuIcon"
              focusable="false"
              style="color: rgb(255, 255, 255);"
              viewBox="0 0 24 24"
            >
              <path
                d="M3 18h18v-2H3v2zm0-5h18v-2H3v2zm0-7v2h18V6H3z"
              />
            </svg>
            <div
              class="MuiTypography-root MuiTypography-h5 css-ag7rrr-MuiTypography-root"
              style="color: rgb(255, 255, 255);"
            >
              ,
            </div>
            <div
              role="button"
              tabindex="0"
            >
              <img
                alt="location_icon"
                height="25rem"
                src="location.png"
              />
            </div>
          </div>
        </div>
        <div
          class="MuiGrid-root MuiGrid-container css-11lq3yg-MuiGrid-root"
          style="margin: 50px 5% 100px 5%; background-color: rgb(42, 84, 108); padding: 25px 0px; width: 90%; border: 4px solid rgb(96, 128, 148); border-radius: 5%;"
        >
          <div
            class="MuiGrid-root MuiGrid-item MuiGrid-grid-xs-6 css-1osj8n2-MuiGrid-root"
            style="display: flex; flex-direction: column; align-items: center; justify-content: flex-end;"
          >
            <img
              alt="weather"
              class="weather"
              style="margin-bottom: 20px; width: 60px; transform: rotate(0deg);"
            />
            <h5
              class="MuiTypography-root MuiTypography-h5 css-ag7rrr-MuiTypography-root"
              style="color: rgb(255, 255, 255);"
            />
          </div>
          <div
            class="MuiGrid-root MuiGrid-item MuiGrid-grid-xs-5 css-k3f0g4-MuiGrid-root"
            style="display: flex; flex-direction: column; justify-content: flex-end;"
          >
            <span
              class="MuiTypography-root MuiTypography-span css-37jdci-MuiTypography-root"
              style="color: rgb(255, 255, 255);"
            >
              Wind:  m/s
            </span>
            <span
              class="MuiTypography-root MuiTypography-span css-37jdci-MuiTypography-root"
              style="color: rgb(255, 255, 255);"
            >
              Humidity:  %
            </span>
            <span
              class="MuiTypography-root MuiTypography-span css-37jdci-MuiTypography-root"
              style="color: rgb(255, 255, 255);"
            >
              Pressure:  hPa
            </span>
            <h6
              class="MuiTypography-root MuiTypography-h6 css-2ulfj5-MuiTypography-root"
              style="color: rgb(255, 255, 255); text-align: center;"
            >
              °c
            </h6>
          </div>
        </div>
        <div
          class="MuiBox-root css-i9gxme"
        >
          <div
            class="MuiGrid-root MuiGrid-container MuiGrid-spacing-xs-2 MuiGrid-spacing-md-3 container css-1xgjpwf-MuiGrid-root"
          >
            ;
          </div>
        </div>
      </div>
    </div>
  </body>,
  "container": <div>
    <div>
      <div>
        <div
          class="MuiGrid-root MuiGrid-container MuiGrid-spacing-xs-0.5 options css-125mmfg-MuiGrid-root"
          style="display: none; justify-content: space-around; align-items: center; padding-top: 5%;"
        >
          <div
            class="MuiGrid-root MuiGrid-item MuiGrid-grid-xs-2 css-1o7apob-MuiGrid-root"
          >
            <svg
              aria-hidden="true"
              class="MuiSvgIcon-root MuiSvgIcon-fontSizeMedium css-i4bv87-MuiSvgIcon-root"
              data-testid="ArrowBackIosIcon"
              focusable="false"
              style="color: rgb(255, 255, 255);"
              viewBox="0 0 24 24"
            >
              <path
                d="M11.67 3.87 9.9 2.1 0 12l9.9 9.9 1.77-1.77L3.54 12z"
              />
            </svg>
          </div>
          <div
            class="MuiGrid-root MuiGrid-item MuiGrid-grid-xs-8 css-vok43g-MuiGrid-root"
          >
            <div
              aria-expanded="false"
              class="MuiAutocomplete-root MuiAutocomplete-hasPopupIcon css-xsu6ln-MuiAutocomplete-root"
              role="combobox"
            >
              <div
                class="MuiFormControl-root MuiFormControl-fullWidth MuiTextField-root css-wb57ya-MuiFormControl-root-MuiTextField-root"
              >
                <label
                  class="MuiInputLabel-root MuiInputLabel-formControl MuiInputLabel-animated MuiInputLabel-outlined MuiFormLabel-root MuiFormLabel-colorPrimary css-6yceho-MuiFormLabel-root-MuiInputLabel-root"
                  data-shrink="false"
                  for="country-select-demo"
                  id="country-select-demo-label"
                >
                  Choose a country
                </label>
                <div
                  class="MuiOutlinedInput-root MuiInputBase-root MuiInputBase-colorPrimary MuiInputBase-fullWidth MuiInputBase-formControl MuiInputBase-adornedEnd MuiAutocomplete-inputRoot css-87bu8l-MuiInputBase-root-MuiOutlinedInput-root"
                >
                  <input
                    aria-autocomplete="list"
                    aria-invalid="false"
                    autocapitalize="none"
                    autocomplete="new-password"
                    class="MuiOutlinedInput-input MuiInputBase-input MuiInputBase-inputAdornedEnd MuiAutocomplete-input MuiAutocomplete-inputFocused css-nxo287-MuiInputBase-input-MuiOutlinedInput-input"
                    id="country-select-demo"
                    spellcheck="false"
                    type="text"
                    value=""
                  />
                  <div
                    class="MuiAutocomplete-endAdornment css-1q60rmi-MuiAutocomplete-endAdornment"
                  >
                    <button
                      aria-label="Open"
                      class="MuiButtonBase-root MuiIconButton-root MuiIconButton-sizeMedium MuiAutocomplete-popupIndicator css-rmvm5c-MuiButtonBase-root-MuiIconButton-root-MuiAutocomplete-popupIndicator"
                      tabindex="-1"
                      title="Open"
                      type="button"
                    >
                      <svg
                        aria-hidden="true"
                        class="MuiSvgIcon-root MuiSvgIcon-fontSizeMedium css-i4bv87-MuiSvgIcon-root"
                        data-testid="ArrowDropDownIcon"
                        focusable="false"
                        viewBox="0 0 24 24"
                      >
                        <path
                          d="M7 10l5 5 5-5z"
                        />
                      </svg>
                      <span
                        class="MuiTouchRipple-root css-8je8zh-MuiTouchRipple-root"
                      />
                    </button>
                  </div>
                  <fieldset
                    aria-hidden="true"
                    class="MuiOutlinedInput-notchedOutline css-1d3z3hw-MuiOutlinedInput-notchedOutline"
                  >
                    <legend
                      class="css-173wfxe"
                    >
                      <span>
                        Choose a country
                      </span>
                    </legend>
                  </fieldset>
                </div>
              </div>
            </div>
          </div>
        </div>
        <div
          class="header"
          style="display: flex; justify-content: space-around; align-items: center; padding-top: 5%;"
        >
          <svg
            aria-hidden="true"
            class="MuiSvgIcon-root MuiSvgIcon-fontSizeMedium css-i4bv87-MuiSvgIcon-root"
            data-testid="MenuIcon"
            focusable="false"
            style="color: rgb(255, 255, 255);"
            viewBox="0 0 24 24"
          >
            <path
              d="M3 18h18v-2H3v2zm0-5h18v-2H3v2zm0-7v2h18V6H3z"
            />
          </svg>
          <div
            class="MuiTypography-root MuiTypography-h5 css-ag7rrr-MuiTypography-root"
            style="color: rgb(255, 255, 255);"
          >
            ,
          </div>
          <div
            role="button"
            tabindex="0"
          >
            <img
              alt="location_icon"
              height="25rem"
              src="location.png"
            />
          </div>
        </div>
      </div>
      <div
        class="MuiGrid-root MuiGrid-container css-11lq3yg-MuiGrid-root"
        style="margin: 50px 5% 100px 5%; background-color: rgb(42, 84, 108); padding: 25px 0px; width: 90%; border: 4px solid rgb(96, 128, 148); border-radius: 5%;"
      >
        <div
          class="MuiGrid-root MuiGrid-item MuiGrid-grid-xs-6 css-1osj8n2-MuiGrid-root"
          style="display: flex; flex-direction: column; align-items: center; justify-content: flex-end;"
        >
          <img
            alt="weather"
            class="weather"
            style="margin-bottom: 20px; width: 60px; transform: rotate(0deg);"
          />
          <h5
            class="MuiTypography-root MuiTypography-h5 css-ag7rrr-MuiTypography-root"
            style="color: rgb(255, 255, 255);"
          />
        </div>
        <div
          class="MuiGrid-root MuiGrid-item MuiGrid-grid-xs-5 css-k3f0g4-MuiGrid-root"
          style="display: flex; flex-direction: column; justify-content: flex-end;"
        >
          <span
            class="MuiTypography-root MuiTypography-span css-37jdci-MuiTypography-root"
            style="color: rgb(255, 255, 255);"
          >
            Wind:  m/s
          </span>
          <span
            class="MuiTypography-root MuiTypography-span css-37jdci-MuiTypography-root"
            style="color: rgb(255, 255, 255);"
          >
            Humidity:  %
          </span>
          <span
            class="MuiTypography-root MuiTypography-span css-37jdci-MuiTypography-root"
            style="color: rgb(255, 255, 255);"
          >
            Pressure:  hPa
          </span>
          <h6
            class="MuiTypography-root MuiTypography-h6 css-2ulfj5-MuiTypography-root"
            style="color: rgb(255, 255, 255); text-align: center;"
          >
            °c
          </h6>
        </div>
      </div>
      <div
        class="MuiBox-root css-i9gxme"
      >
        <div
          class="MuiGrid-root MuiGrid-container MuiGrid-spacing-xs-2 MuiGrid-spacing-md-3 container css-1xgjpwf-MuiGrid-root"
        >
          ;
        </div>
      </div>
    </div>
  </div>,
  "debug": [Function],
  "findAllByAltText": [Function],
  "findAllByDisplayValue": [Function],
  "findAllByLabelText": [Function],
  "findAllByPlaceholderText": [Function],
  "findAllByRole": [Function],
  "findAllByTestId": [Function],
  "findAllByText": [Function],
  "findAllByTitle": [Function],
  "findByAltText": [Function],
  "findByDisplayValue": [Function],
  "findByLabelText": [Function],
  "findByPlaceholderText": [Function],
  "findByRole": [Function],
  "findByTestId": [Function],
  "findByText": [Function],
  "findByTitle": [Function],
  "getAllByAltText": [Function],
  "getAllByDisplayValue": [Function],
  "getAllByLabelText": [Function],
  "getAllByPlaceholderText": [Function],
  "getAllByRole": [Function],
  "getAllByTestId": [Function],
  "getAllByText": [Function],
  "getAllByTitle": [Function],
  "getByAltText": [Function],
  "getByDisplayValue": [Function],
  "getByLabelText": [Function],
  "getByPlaceholderText": [Function],
  "getByRole": [Function],
  "getByTestId": [Function],
  "getByText": [Function],
  "getByTitle": [Function],
  "queryAllByAltText": [Function],
  "queryAllByDisplayValue": [Function],
  "queryAllByLabelText": [Function],
  "queryAllByPlaceholderText": [Function],
  "queryAllByRole": [Function],
  "queryAllByTestId": [Function],
  "queryAllByText": [Function],
  "queryAllByTitle": [Function],
  "queryByAltText": [Function],
  "queryByDisplayValue": [Function],
  "queryByLabelText": [Function],
  "queryByPlaceholderText": [Function],
  "queryByRole": [Function],
  "queryByTestId": [Function],
  "queryByText": [Function],
  "queryByTitle": [Function],
  "rerender": [Function],
  "unmount": [Function],
}
`;
